mode: set
github.com/luigizuccarelli/iotpaas-message-producer/pkg/validator/validate.go:14.59,18.27 4 1
github.com/luigizuccarelli/iotpaas-message-producer/pkg/validator/validate.go:26.2,26.12 1 1
github.com/luigizuccarelli/iotpaas-message-producer/pkg/validator/validate.go:18.27,19.15 1 1
github.com/luigizuccarelli/iotpaas-message-producer/pkg/validator/validate.go:19.15,22.4 2 1
github.com/luigizuccarelli/iotpaas-message-producer/pkg/validator/validate.go:22.9,24.4 1 1
github.com/luigizuccarelli/iotpaas-message-producer/pkg/validator/validate.go:31.50,38.26 2 1
github.com/luigizuccarelli/iotpaas-message-producer/pkg/validator/validate.go:43.2,43.12 1 1
github.com/luigizuccarelli/iotpaas-message-producer/pkg/validator/validate.go:38.26,39.54 1 1
github.com/luigizuccarelli/iotpaas-message-producer/pkg/validator/validate.go:39.54,41.4 1 1
github.com/luigizuccarelli/iotpaas-message-producer/pkg/handlers/handlers.go:18.85,22.27 3 1
github.com/luigizuccarelli/iotpaas-message-producer/pkg/handlers/handlers.go:28.2,29.16 2 1
github.com/luigizuccarelli/iotpaas-message-producer/pkg/handlers/handlers.go:45.2,45.26 1 1
github.com/luigizuccarelli/iotpaas-message-producer/pkg/handlers/handlers.go:22.27,26.3 3 1
github.com/luigizuccarelli/iotpaas-message-producer/pkg/handlers/handlers.go:29.16,33.3 3 1
github.com/luigizuccarelli/iotpaas-message-producer/pkg/handlers/handlers.go:33.8,35.17 2 1
github.com/luigizuccarelli/iotpaas-message-producer/pkg/handlers/handlers.go:35.17,39.4 3 1
github.com/luigizuccarelli/iotpaas-message-producer/pkg/handlers/handlers.go:39.9,42.4 2 1
github.com/luigizuccarelli/iotpaas-message-producer/pkg/handlers/handlers.go:50.54,52.2 1 1
github.com/luigizuccarelli/iotpaas-message-producer/pkg/handlers/handlers.go:55.57,61.2 4 1
